error: forced failure
 --> tests/fixtures_macros/scenario_missing_step_warning.rs:7:1
  |
7 | compile_error!("forced failure");
  | ^^^^^^^^^^^^^^^^^^^^^^^^^^^^^^^^
