error: no scenarios matched tag expression `@fast`
 --> tests/fixtures_macros/scenario_tags_no_match.rs:4:44
  |
4 | #[scenario(path = "tagged.feature", tags = "@fast")]
  |                                            ^^^^^^^
