error: invalid step function signature: DataTable must be declared before DocString to match Gherkin ordering
 --> tests/ui/datatable_after_docstring.rs:6:41
  |
6 | fn step(docstring: String, #[datatable] table: Vec<Vec<String>>) {}
  |                                         ^^^^^^^^^^^^^^^^^^^^^^^
  |
  = help: Use `#[given] fn name(ctx: &rstest_bdd::StepContext, ...)` and valid fixtures.
