error: invalid step function signature: missing step arguments for placeholders: count. help: use `#[given] fn name(ctx: &StepContext, ...)` and valid fixtures.
 --> tests/ui/placeholder_missing_param.rs:4:4
  |
4 | fn step() {}
  |    ^^^^
