error: duplicate map/try_map attribute
  --> tests/ui_macros/datatable_conflicting_map.rs:20:13
   |
20 | #[datatable(try_map = try_map_rows)]
   |             ^^^^^^^^^^^^^^^^^^^^^^
