warning: Step registry does not contain definitions for crate_id '$CRATE:'. This may indicate a registry issue.
 --> tests/fixtures/scenario_out_of_order.rs:3:1
  |
3 | #[scenario(path = "../../../../crates/rstest-bdd-macros/tests/features/ambiguous.feature")]
  | ^^^^^^^^^^^^^^^^^^^^^^^^^^^^^^^^^^^^^^^^^^^^^^^^^^^^^^^^^^^^^^^^^^^^^^^^^^^^^^^^^^^^^^^^^^^
  |
  = note: this warning originates in the attribute macro `scenario` (in Nightly builds, run with -Z macro-backtrace for more info)

error: No matching step definition found for: Given a step
 --> tests/fixtures/scenario_out_of_order.rs:3:1
  |
3 | #[scenario(path = "../../../../crates/rstest-bdd-macros/tests/features/ambiguous.feature")]
  | ^^^^^^^^^^^^^^^^^^^^^^^^^^^^^^^^^^^^^^^^^^^^^^^^^^^^^^^^^^^^^^^^^^^^^^^^^^^^^^^^^^^^^^^^^^^
  |
  = note: this error originates in the attribute macro `scenario` (in Nightly builds, run with -Z macro-backtrace for more info)
