error: expected identifier, found `1invalid`
 --> tests/fixtures/step_macros_invalid_identifier.rs:5:4
  |
5 | fn 1invalid() {}
  |    ^^^^^^^^ expected identifier
  |
help: identifiers cannot start with a number
 --> tests/fixtures/step_macros_invalid_identifier.rs:5:4
  |
5 | fn 1invalid() {}
  |    ^

error: expected identifier
 --> tests/fixtures/step_macros_invalid_identifier.rs:5:4
  |
5 | fn 1invalid() {}
  |    ^^^^^^^^
