error: invalid step function signature: unsupported parameter pattern; use a simple identifier (e.g., `arg: T`)
  --> tests/fixtures/step_struct_pattern.rs:11:21
   |
11 | fn step_with_struct(User { name }: User) {}
   |                     ^^^^^^^^^^^^^

error: help: use `#[given] fn name(ctx: &StepContext, ...)` and valid fixtures
  --> tests/fixtures/step_struct_pattern.rs:11:21
   |
11 | fn step_with_struct(User { name }: User) {}
   |                     ^^^^^^^^^^^^^
